// Jest Snapshot v1, https://goo.gl/fbAQLP

exports[`3 day page matches snapshot 1`] = `
<div>
  <h3
    className="page-heading"
  >
    3 day forecast
  </h3>
  <div
    className="flex-container_wrapper"
  >
    <div
      className="flex-container"
    >
      <div
        className="weather-card"
      >
        <p
          className="weather-card_prefix"
        >
          11/05
        </p>
        <p
          className="weather-card_prefix"
        >
          Monday
        </p>
        <h1
          className="weather-card_temp"
        >
          9
          °c
        </h1>
        <img
          alt="weather-svg"
          src="day.svg"
        />
        <p
          className="weather-card_prefix"
        >
          High: 
          19
          °c | Low: 
          5
          °c
        </p>
      </div>
      <div
        className="weather-card"
      >
        <p
          className="weather-card_prefix"
        >
          12/05
        </p>
        <p
          className="weather-card_prefix"
        >
          Tuesday
        </p>
        <h1
          className="weather-card_temp"
        >
          12
          °c
        </h1>
        <img
          alt="weather-svg"
          src="rain.svg"
        />
        <p
          className="weather-card_prefix"
        >
          High: 
          19
          °c | Low: 
          5
          °c
        </p>
      </div>
      <div
        className="weather-card"
      >
        <p
          className="weather-card_prefix"
        >
          13/05
        </p>
        <p
          className="weather-card_prefix"
        >
          Wednesday
        </p>
        <h1
          className="weather-card_temp"
        >
          14
          °c
        </h1>
        <img
          alt="weather-svg"
          src="rain.svg"
        />
        <p
          className="weather-card_prefix"
        >
          High: 
          19
          °c | Low: 
          5
          °c
        </p>
      </div>
    </div>
  </div>
</div>
`;
